[2026-01-27T10:39:17+01:00] login attempt user='ketuait' found=yes pw_verify=nomatch SID=hhf2e623jbggj9u0cgbo7i8mqg
[2026-01-27T10:49:02+01:00] login attempt user='ketuait' found=yes pw_verify=nomatch SID=hhf2e623jbggj9u0cgbo7i8mqg
[2026-01-27T10:52:30+01:00] login attempt user='ketuait' found=yes pw_verify=match SID=hhf2e623jbggj9u0cgbo7i8mqg
[2026-01-28T01:40:00+01:00] login attempt user='ketuait' found=yes pw_verify=match SID=hlrh50evc2l5a84ti7q7fcq3r4
[2026-01-28T07:42:25+01:00] login attempt user='ketuait' found=yes pw_verify=match SID=24ngg7bi5ssptgks887u4c6qh3
[2026-01-28T11:53:49+01:00] login attempt user='ketuait' found=yes pw_verify=match SID=ktslr589qsf0c7qu8rofhgottn
[2026-01-29T11:08:03+08:00] login attempt user='ketuait' found=yes pw_verify=match SID=ct31kcmh5ac9b6e93dc5nibsto
[2026-01-29T15:03:09+08:00] login attempt user='ketuait' found=yes pw_verify=match SID=e3b9e7r4ljkpqjg4t9n2oui1gp
[2026-01-29T17:05:37+08:00] login attempt user='202411319' found=yes pw_verify=match SID=olsa8l0lnpij060rkncsik6c9d
[2026-01-29T17:13:23+08:00] login attempt user='202411319' found=yes pw_verify=match SID=olsa8l0lnpij060rkncsik6c9d
[2026-01-29T17:15:22+08:00] login attempt user='202411319' found=yes pw_verify=match SID=dnjf140g9hvcggcckt4bpvinfs
[2026-01-29T17:20:04+08:00] login attempt user='202411319' found=yes pw_verify=match SID=e3b9e7r4ljkpqjg4t9n2oui1gp
[2026-01-29T17:56:05+08:00] login attempt user='ketuait' found=yes pw_verify=match SID=e3b9e7r4ljkpqjg4t9n2oui1gp
[2026-01-29T17:56:38+08:00] login attempt user='202411319' found=yes pw_verify=match SID=e3b9e7r4ljkpqjg4t9n2oui1gp
[2026-01-29T17:57:41+08:00] login attempt user='ketuait' found=yes pw_verify=match SID=e3b9e7r4ljkpqjg4t9n2oui1gp
[2026-01-29T18:52:29+08:00] login attempt user='6969' found=yes pw_verify=match SID=ihpcm1hea0hksiagd2uupt73v1
[2026-01-30T09:34:11+08:00] login attempt user='ketuait' found=yes pw_verify=match SID=s79g46cm41her8gjf1bcacrdhu
[2026-01-30T16:09:41+08:00] login attempt user='ketuait' found=yes pw_verify=match SID=veb64abvlij8jvp3lj2r7j8gc9
[2026-01-30T16:17:08+08:00] login attempt user='6969' found=yes pw_verify=match SID=596bsjchnffql2buoe2erq38fa
[2026-01-31T08:42:25+08:00] login attempt user='ketuait' found=yes pw_verify=match SID=i2hspqto2e9griihu3nbruvdr5
[2026-01-31T11:30:22+08:00] login attempt user='ketuait' found=yes pw_verify=match SID=i2hspqto2e9griihu3nbruvdr5
[2026-02-01T18:24:36+08:00] login attempt user='ketuait' found=yes pw_verify=match SID=j1t6mplqji7dr72g1lp7vlmp3f
[2026-02-02T09:50:55+08:00] login attempt user='ketuait' found=yes pw_verify=match SID=hdvvlsgdnc12rft27t5bevusu2
[2026-02-03T09:18:05+08:00] login attempt user='ketuait' found=yes pw_verify=match SID=bra37ouun9v0rfscm3smeidi8q
[2026-02-03T15:02:50+08:00] login attempt user='ketuait' found=yes pw_verify=match SID=vkf6ekib8n1c39i94aj716cf6h
[2026-02-03T15:10:02+08:00] login attempt user='ketuait' found=yes pw_verify=match SID=mq2daupba2khckp4g2d6n2dvqt
